// Jest Snapshot v1, https://goo.gl/fbAQLP

exports[`testing <Navbar /> component creates snapshot 1`] = `
<DocumentFragment>
  <nav
    class="mi-navbar"
  >
    <ul
      class="mi-navbar__list"
    >
      <li
        class="mi-navbar__list-item"
      >
        <button
          class="MuiButtonBase-root-29 MuiButton-root-3 MuiButton-text-5 MuiButton-flat-8 TextButton-button-1"
          tabindex="0"
          type="button"
        >
          <span
            class="MuiButton-label-4"
          >
            Message
          </span>
          <span
            class="MuiTouchRipple-root-32"
          />
        </button>
      </li>
      <li
        class="mi-navbar__list-item"
      >
        <button
          class="MuiButtonBase-root-29 MuiButton-root-3 MuiButton-text-5 MuiButton-flat-8 TextButton-button-1"
          tabindex="0"
          type="button"
        >
          <span
            class="MuiButton-label-4"
          >
            Templates
          </span>
          <span
            class="MuiTouchRipple-root-32"
          />
        </button>
      </li>
      <li
        class="mi-navbar__list-item"
      >
        <button
          class="MuiButtonBase-root-29 MuiButton-root-3 MuiButton-text-5 MuiButton-flat-8 TextButton-button-1"
          tabindex="0"
          type="button"
        >
          <span
            class="MuiButton-label-4"
          >
            People
          </span>
          <span
            class="MuiTouchRipple-root-32"
          />
        </button>
      </li>
    </ul>
  </nav>
</DocumentFragment>
`;
